[monumental-creponne-3f5c46.netlify.app/girlspg.html]
[backblue.gif]
[fade.gif]
[index.html]
[monumental-creponne-3f5c46.netlify.app/gharpayy.in/img/boyspg copy/gharpayy_logo2.png]
[monumental-creponne-3f5c46.netlify.app/crowdytheme.com/html/arolax/assets/css/bootstrap.min.css]
[monumental-creponne-3f5c46.netlify.app/crowdytheme.com/html/arolax/assets/css/swiper-bundle.min.css]
[monumental-creponne-3f5c46.netlify.app/crowdytheme.com/html/arolax/assets/css/progressbar.css]
[monumental-creponne-3f5c46.netlify.app/crowdytheme.com/html/arolax/assets/css/meanmenu.min.css]
[monumental-creponne-3f5c46.netlify.app/crowdytheme.com/html/arolax/assets/css/master-seo-agency.css]
[monumental-creponne-3f5c46.netlify.app/cdnjs.cloudflare.com/ajax/libs/font-awesome/6.5.0/css/all.min.css]
[monumental-creponne-3f5c46.netlify.app/index-2.html]
[monumental-creponne-3f5c46.netlify.app/about.html]
[monumental-creponne-3f5c46.netlify.app/boyspg.html]
[monumental-creponne-3f5c46.netlify.app/gharpayy.in/img/girlspg/acegirls/1.png]
[monumental-creponne-3f5c46.netlify.app/gharpayy.in/img/girlspg copy/homelyforum/2.png]
[monumental-creponne-3f5c46.netlify.app/gharpayy.in/img/newlisting-4/brookstudio/2.png]
[monumental-creponne-3f5c46.netlify.app/gharpayy.in/img/newlisting-4/brookstudio/1.png]
[monumental-creponne-3f5c46.netlify.app/cdn.jsdelivr.net/npm/swiper/swiper-bundle.min.css]
[monumental-creponne-3f5c46.netlify.app/gharpayy.in/img/girlspg copy/acegirls/1.png]
[monumental-creponne-3f5c46.netlify.app/gharpayy.in/img/girlspg copy/acegirls/2.png]
[monumental-creponne-3f5c46.netlify.app/gharpayy.in/img/girlspg copy/acegirls/3.png]
[monumental-creponne-3f5c46.netlify.app/gharpayy.in/img/girlspg copy/gqgirls/1.png]
[monumental-creponne-3f5c46.netlify.app/gharpayy.in/img/girlspg copy/gqgirls/2.png]
[monumental-creponne-3f5c46.netlify.app/gharpayy.in/img/girlspg copy/gqgirls/3.png]
[monumental-creponne-3f5c46.netlify.app/gharpayy.in/img/girlspg copy/homelyforum/1.png]
[monumental-creponne-3f5c46.netlify.app/gharpayy.in/img/girlspg copy/homelyforum/3.png]
[monumental-creponne-3f5c46.netlify.app/gharpayy.in/img/girlspg copy/homygirls/1.png]
[monumental-creponne-3f5c46.netlify.app/gharpayy.in/img/girlspg copy/homygirls/2.png]
[monumental-creponne-3f5c46.netlify.app/gharpayy.in/img/girlspg copy/homygirls/3.png]
[monumental-creponne-3f5c46.netlify.app/cdn.jsdelivr.net/npm/swiper/swiper-bundle.min.js]
[monumental-creponne-3f5c46.netlify.app/kit.fontawesome.com/a076d05399.html]
[monumental-creponne-3f5c46.netlify.app/students.html]
[monumental-creponne-3f5c46.netlify.app/crowdytheme.com/html/arolax/assets/js/jquery-3.6.0.min.js]
[monumental-creponne-3f5c46.netlify.app/crowdytheme.com/html/arolax/assets/js/bootstrap.bundle.min.js]
[monumental-creponne-3f5c46.netlify.app/crowdytheme.com/html/arolax/assets/js/jquery.magnific-popup.min.js]
[monumental-creponne-3f5c46.netlify.app/crowdytheme.com/html/arolax/assets/js/swiper-bundle.min.js]
[monumental-creponne-3f5c46.netlify.app/crowdytheme.com/html/arolax/assets/js/counter.js]
[monumental-creponne-3f5c46.netlify.app/crowdytheme.com/html/arolax/assets/js/progressbar.js]
[monumental-creponne-3f5c46.netlify.app/crowdytheme.com/html/arolax/assets/js/gsap.min.js]
[monumental-creponne-3f5c46.netlify.app/crowdytheme.com/html/arolax/assets/js/ScrollSmoother.min.js]
[monumental-creponne-3f5c46.netlify.app/crowdytheme.com/html/arolax/assets/js/ScrollToPlugin.min.js]
[monumental-creponne-3f5c46.netlify.app/crowdytheme.com/html/arolax/assets/js/ScrollTrigger.min.js]
[monumental-creponne-3f5c46.netlify.app/crowdytheme.com/html/arolax/assets/js/SplitText.min.js]
[monumental-creponne-3f5c46.netlify.app/crowdytheme.com/html/arolax/assets/js/jquery.meanmenu.min.js]
[monumental-creponne-3f5c46.netlify.app/crowdytheme.com/html/arolax/assets/js/backToTop.js]
[monumental-creponne-3f5c46.netlify.app/crowdytheme.com/html/arolax/assets/js/main.js]
[monumental-creponne-3f5c46.netlify.app/crowdytheme.com/html/arolax/assets/js/error-handling.js]
[monumental-creponne-3f5c46.netlify.app/crowdytheme.com/html/arolax/assets/js/offcanvas.js]
[monumental-creponne-3f5c46.netlify.app/girlspg.html]
[monumental-creponne-3f5c46.netlify.app/crowdytheme.com/html/arolax/assets/css/bootstrap.min.css]
[monumental-creponne-3f5c46.netlify.app/crowdytheme.com/html/arolax/assets/css/swiper-bundle.min.css]
[crowdytheme.com/html/arolax/assets/css/animated-overlay.30.delayed]
[monumental-creponne-3f5c46.netlify.app/crowdytheme.com/html/arolax/assets/css/progressbar.css]
[monumental-creponne-3f5c46.netlify.app/crowdytheme.com/html/arolax/assets/css/meanmenu.min.css]
[monumental-creponne-3f5c46.netlify.app/crowdytheme.com/html/arolax/assets/css/master-seo-agency.css]
[monumental-creponne-3f5c46.netlify.app/cdnjs.cloudflare.com/ajax/libs/font-awesome/6.5.0/css/all.min.css]
[monumental-creponne-3f5c46.netlify.app/crowdytheme.com/html/arolax/assets/css/all.min.css]
[monumental-creponne-3f5c46.netlify.app/crowdytheme.com/html/arolax/assets/css/magnific-popup.css]
[monumental-creponne-3f5c46.netlify.app/img/logo/gharpayy_logo2.html]
[monumental-creponne-3f5c46.netlify.app/css/bootstrap.min.old.css]
[monumental-creponne-3f5c46.netlify.app/css/layerslider.css]
[monumental-creponne-3f5c46.netlify.app/css/common.css]
[monumental-creponne-3f5c46.netlify.app/css/style_old.css]
[monumental-creponne-3f5c46.netlify.app/css/color.css]
[monumental-creponne-3f5c46.netlify.app/css/fontawesome-all-5.2.0.min.css]
[monumental-creponne-3f5c46.netlify.app/webfonts/flaticon/flaticon.css]
[monumental-creponne-3f5c46.netlify.app/larken-font/Larken Serif Trial/LarkenDEMO-Black.otf]
[monumental-creponne-3f5c46.netlify.app/www.googletagmanager.com/ns6a3e6a3e6a3e.html]
[monumental-creponne-3f5c46.netlify.app/img/logo/gharpayy_logo2.png]
[monumental-creponne-3f5c46.netlify.app/bellandur.html]
[monumental-creponne-3f5c46.netlify.app/koramangala.html]
[monumental-creponne-3f5c46.netlify.app/mahadevapura.html]
[monumental-creponne-3f5c46.netlify.app/marathahalli.html]
[monumental-creponne-3f5c46.netlify.app/nagawara.html]
[monumental-creponne-3f5c46.netlify.app/vasanthnagar.html]
[monumental-creponne-3f5c46.netlify.app/whitefield.html]
[monumental-creponne-3f5c46.netlify.app/yprcampus.html]
[monumental-creponne-3f5c46.netlify.app/img/newcover-removebg-preview.png]
[monumental-creponne-3f5c46.netlify.app/img/coverimg2.jpg]
[monumental-creponne-3f5c46.netlify.app/img/bgm-coed.png]
[monumental-creponne-3f5c46.netlify.app/img/img2.jpg]
[monumental-creponne-3f5c46.netlify.app/img/ace-img-1.png]
[monumental-creponne-3f5c46.netlify.app/img/img4.jpg]
[monumental-creponne-3f5c46.netlify.app/img/affo-girls-k.png]
[monumental-creponne-3f5c46.netlify.app/img/pink_cap.png]
[monumental-creponne-3f5c46.netlify.app/img/homely_boys.png]
[monumental-creponne-3f5c46.netlify.app/img/sliderimages/slider2.jpg]
[monumental-creponne-3f5c46.netlify.app/img/extrapics/launching-concept-illustration_114360-4072.jpg]
[monumental-creponne-3f5c46.netlify.app/img/boyspg/jack/1.png]
[monumental-creponne-3f5c46.netlify.app/img/girlspg/gqgirls/3.png]
[monumental-creponne-3f5c46.netlify.app/img/boyspg/homely/2.png]
[monumental-creponne-3f5c46.netlify.app/img/sliderimages/slider1.jpg]
[monumental-creponne-3f5c46.netlify.app/img/sliderimages/slider3.jpg]
[monumental-creponne-3f5c46.netlify.app/img/sliderimages/slider4.54.delayed]
[monumental-creponne-3f5c46.netlify.app/img/sliderimages/slider5.jpg]
[monumental-creponne-3f5c46.netlify.app/img/sliderimages/slider6.jpg]
[monumental-creponne-3f5c46.netlify.app/img/sliderimages/slider7.jpg]
[monumental-creponne-3f5c46.netlify.app/img/sliderimages/slider8.jpg]
[monumental-creponne-3f5c46.netlify.app/img/sliderimages/slider9.jpg]
[monumental-creponne-3f5c46.netlify.app/img/sliderimages/slider10.jpg]
[monumental-creponne-3f5c46.netlify.app/img/sliderimages/slider11.jpg]
[monumental-creponne-3f5c46.netlify.app/img/lowerimage.jpg]
[monumental-creponne-3f5c46.netlify.app/img/WhatsApp-logo.png]
[monumental-creponne-3f5c46.netlify.app/js/jquery.min.js]
[monumental-creponne-3f5c46.netlify.app/js/greensock.js]
[monumental-creponne-3f5c46.netlify.app/js/layerslider.transitions.js]
[monumental-creponne-3f5c46.netlify.app/js/layerslider.kreaturamedia.jquery.js]
[monumental-creponne-3f5c46.netlify.app/js/popper.min.js]
[monumental-creponne-3f5c46.netlify.app/js/bootstrap.min.js]
[monumental-creponne-3f5c46.netlify.app/js/common.js]
[monumental-creponne-3f5c46.netlify.app/js/jquery.countdown.js]
[monumental-creponne-3f5c46.netlify.app/js/jquery.cookie.js]
[monumental-creponne-3f5c46.netlify.app/js/custom.js]
[monumental-creponne-3f5c46.netlify.app/index-2.html]
[monumental-creponne-3f5c46.netlify.app/js/carousal.html]
[monumental-creponne-3f5c46.netlify.app/gharpayy.in/css/bootstrap.min.css]
[monumental-creponne-3f5c46.netlify.app/gharpayy.in/css/style.css]
[monumental-creponne-3f5c46.netlify.app/gharpayy.in/img/about/aboutUs.jpg]
[monumental-creponne-3f5c46.netlify.app/about.html]
[monumental-creponne-3f5c46.netlify.app/gharpayy.in/img/boyspg copy/jack/2.png]
[monumental-creponne-3f5c46.netlify.app/gharpayy.in/img/boyspg copy/homely/1.png]
[monumental-creponne-3f5c46.netlify.app/gharpayy.in/img/boyspg copy/jazz/3.png]
[monumental-creponne-3f5c46.netlify.app/gharpayy.in/img/boyspg copy/jack/1.png]
[monumental-creponne-3f5c46.netlify.app/gharpayy.in/img/boyspg copy/jack/3.png]
[monumental-creponne-3f5c46.netlify.app/gharpayy.in/img/boyspg copy/jazz/1.png]
[monumental-creponne-3f5c46.netlify.app/gharpayy.in/img/boyspg copy/jazz/2.png]
[monumental-creponne-3f5c46.netlify.app/gharpayy.in/img/boyspg copy/tomboys/1.png]
[monumental-creponne-3f5c46.netlify.app/gharpayy.in/img/boyspg copy/tomboys/2.png]
[gharpayy.in/img/boyspg copy/tomboys/3.png]
[gharpayy.in/img/boyspg copy/flatwala/1.png]
[gharpayy.in/img/boyspg copy/flatwala/2.png]
[gharpayy.in/img/boyspg copy/flatwala/3.png]
[gharpayy.in/img/boyspg copy/homely/1.png]
[gharpayy.in/img/boyspg copy/homely/2.png]
[gharpayy.in/img/boyspg copy/homely/3.png]
[cdn.jsdelivr.net/npm/swiper/swiper-bundle.min.js]
[kit.fontawesome.com/a076d05399.7d.delayed]
[crowdytheme.com/html/arolax/assets/js/jquery-3.6.0.min.js]
[crowdytheme.com/html/arolax/assets/js/bootstrap.bundle.min.js]
[crowdytheme.com/html/arolax/assets/js/jquery.magnific-popup.min.js]
[crowdytheme.com/html/arolax/assets/js/swiper-bundle.min.js]
[crowdytheme.com/html/arolax/assets/js/counter.js]
[crowdytheme.com/html/arolax/assets/js/progressbar.js]
[crowdytheme.com/html/arolax/assets/js/gsap.min.js]
[crowdytheme.com/html/arolax/assets/js/ScrollSmoother.min.js]
[crowdytheme.com/html/arolax/assets/js/ScrollToPlugin.min.js]
[crowdytheme.com/html/arolax/assets/js/ScrollTrigger.min.js]
[crowdytheme.com/html/arolax/assets/js/SplitText.min.js]
[crowdytheme.com/html/arolax/assets/js/jquery.meanmenu.min.js]
[crowdytheme.com/html/arolax/assets/js/backToTop.js]
[crowdytheme.com/html/arolax/assets/js/main.js]
[crowdytheme.com/html/arolax/assets/js/error-handling.js]
[crowdytheme.com/html/arolax/assets/js/offcanvas.js]
[monumental-creponne-3f5c46.netlify.app/boyspg.html]
[monumental-creponne-3f5c46.netlify.app/cdn.jsdelivr.net/npm/swiper/swiper-bundle.min.css]
[monumental-creponne-3f5c46.netlify.app/kit.fontawesome.com/a076d05399.html]
[gharpayy.in/img/boyspg copy/gharpayy_logo2.png]
[crowdytheme.com/html/arolax/assets/css/bootstrap.min.css]
[crowdytheme.com/html/arolax/assets/css/all.min.css]
[crowdytheme.com/html/arolax/assets/css/swiper-bundle.min.css]
[crowdytheme.com/html/arolax/assets/css/progressbar.css]
[crowdytheme.com/html/arolax/assets/css/meanmenu.min.css]
[crowdytheme.com/html/arolax/assets/css/magnific-popup.css]
[crowdytheme.com/html/arolax/assets/css/master-seo-agency.css]
[gharpayy.in/img/boyspg copy/gharpayy_hero.jpg]
[cdnjs.cloudflare.com/ajax/libs/font-awesome/6.5.0/css/all.min.css]
[gharpayy.in/img/uni/christ.png]
[gharpayy.in/img/uni/jain.png]
[gharpayy.in/img/uni/rv.png]
[gharpayy.in/img/uni/ramiah.png]
[gharpayy.in/img/uni/presidency.png]
[gharpayy.in/img/uni/dayanand.png]
[gharpayy.in/img/newlisting-2/jack/2.png]
[gharpayy.in/img/newlisting-4/brookstudio/1.png]
[monumental-creponne-3f5c46.netlify.app/students.html]
[monumental-creponne-3f5c46.netlify.app/crowdytheme.com/html/arolax/assets/css/all.min.css]
[crowdytheme.com/html/arolax/assets/css/animated-overlay.html]
[monumental-creponne-3f5c46.netlify.app/crowdytheme.com/html/arolax/assets/css/magnific-popup.css]
[monumental-creponne-3f5c46.netlify.app/gharpayy.in/htdocs_error/style.css]
[monumental-creponne-3f5c46.netlify.app/gharpayy.in/maxcdn.bootstrapcdn.com/bootstrap/3.3.7/css/bootstrap.min.html]
[monumental-creponne-3f5c46.netlify.app/gharpayy.in/www.google-analytics.com/analytics.html]
[monumental-creponne-3f5c46.netlify.app/gharpayy.in/htdocs_error/something-lost.png]
[monumental-creponne-3f5c46.netlify.app/img/logo/gharpayy_logo2.html]
[monumental-creponne-3f5c46.netlify.app/css/bootstrap.min.old.css]
[monumental-creponne-3f5c46.netlify.app/css/layerslider.css]
[monumental-creponne-3f5c46.netlify.app/css/common.css]
[monumental-creponne-3f5c46.netlify.app/gharpayy.in/img/top-image.png]
[monumental-creponne-3f5c46.netlify.app/gharpayy.in/img/section1Image.jpg]
[monumental-creponne-3f5c46.netlify.app/gharpayy.in/img/bg-image/bg-5.jpg]
[monumental-creponne-3f5c46.netlify.app/gharpayy.in/img/bg-image/bg-1.jpg]
[monumental-creponne-3f5c46.netlify.app/gharpayy.in/img/bg-image/bg-2.jpg]
[monumental-creponne-3f5c46.netlify.app/gharpayy.in/img/bg-image/bg-3.jpg]
[monumental-creponne-3f5c46.netlify.app/gharpayy.in/img/bg-image/bg-4.jpg]
[monumental-creponne-3f5c46.netlify.app/gharpayy.in/img/bg-image/pattern/1.png]
[monumental-creponne-3f5c46.netlify.app/gharpayy.in/img/bg-image/pattern/2.png]
[monumental-creponne-3f5c46.netlify.app/gharpayy.in/img/bg-image/pattern/3.png]
[monumental-creponne-3f5c46.netlify.app/gharpayy.in/img/bg-image/pattern/4.png]
[monumental-creponne-3f5c46.netlify.app/gharpayy.in/img/bg-image/pattern/5.png]
[monumental-creponne-3f5c46.netlify.app/gharpayy.in/img/bg-image/pattern/6.png]
[monumental-creponne-3f5c46.netlify.app/gharpayy.in/img/bg-image/pattern/7.png]
[monumental-creponne-3f5c46.netlify.app/gharpayy.in/img/bg-image/pattern/8.png]
[monumental-creponne-3f5c46.netlify.app/gharpayy.in/img/bg-image/pattern/9.png]
[monumental-creponne-3f5c46.netlify.app/gharpayy.in/img/bg-image/pattern/10.png]
[monumental-creponne-3f5c46.netlify.app/gharpayy.in/img/bg-image/pattern/11.png]
[monumental-creponne-3f5c46.netlify.app/gharpayy.in/img/bg-image/pattern/12.png]
[monumental-creponne-3f5c46.netlify.app/gharpayy.in/img/bg-image/pattern/13.png]
[monumental-creponne-3f5c46.netlify.app/gharpayy.in/img/bg-image/pattern/14.png]
[monumental-creponne-3f5c46.netlify.app/gharpayy.in/img/bg-image/pattern/15.png]
[monumental-creponne-3f5c46.netlify.app/gharpayy.in/img/bg/3.jpg]
[monumental-creponne-3f5c46.netlify.app/gharpayy.in/img/bg/6.jpg]
[monumental-creponne-3f5c46.netlify.app/gharpayy.in/img/bg/8.png]
[monumental-creponne-3f5c46.netlify.app/gharpayy.in/img/bg/9.jpg]
[monumental-creponne-3f5c46.netlify.app/gharpayy.in/img/bg/12.jpg]
[monumental-creponne-3f5c46.netlify.app/gharpayy.in/img/slider/slider_layer.png]
[monumental-creponne-3f5c46.netlify.app/gharpayy.in/img/width/25.jpg]
[monumental-creponne-3f5c46.netlify.app/css/style_old.css]
[monumental-creponne-3f5c46.netlify.app/css/color.css]
[monumental-creponne-3f5c46.netlify.app/css/fontawesome-all-5.2.0.min.css]
[monumental-creponne-3f5c46.netlify.app/webfonts/flaticon/flaticon.css]
[monumental-creponne-3f5c46.netlify.app/www.googletagmanager.com/ns6a3e6a3e6a3e.html]
[monumental-creponne-3f5c46.netlify.app/cdn.jsdelivr.net/npm/aos@2.3.4/dist/aos.css]
[monumental-creponne-3f5c46.netlify.app/cdn.jsdelivr.net/npm/swiper@10/swiper-bundle.min.css]
[monumental-creponne-3f5c46.netlify.app/cdn.jsdelivr.net/npm/swiper@10/swiper-bundle.min.js]
[monumental-creponne-3f5c46.netlify.app/gharpayy.in/img/newlisting-2/glen/1.png]
[monumental-creponne-3f5c46.netlify.app/gharpayy.in/img/newlisting-2/glen/2.png]
[monumental-creponne-3f5c46.netlify.app/gharpayy.in/img/newlisting-2/glen/3.png]
[monumental-creponne-3f5c46.netlify.app/gharpayy.in/img/newlisting-2/stanny/1.png]
[monumental-creponne-3f5c46.netlify.app/gharpayy.in/img/newlisting-2/stanny/2.png]
[monumental-creponne-3f5c46.netlify.app/gharpayy.in/img/newlisting-2/stanny/3.png]
[monumental-creponne-3f5c46.netlify.app/gharpayy.in/img/newlisting-2/eco/1.png]
[monumental-creponne-3f5c46.netlify.app/gharpayy.in/img/newlisting-2/eco/2.png]
[monumental-creponne-3f5c46.netlify.app/gharpayy.in/img/newlisting-2/eco/3.png]
[monumental-creponne-3f5c46.netlify.app/gharpayy.in/img/newlisting-4/etvluxe/1.png]
[monumental-creponne-3f5c46.netlify.app/gharpayy.in/img/newlisting-4/etvluxe/2.png]
[monumental-creponne-3f5c46.netlify.app/gharpayy.in/img/newlisting-4/etvluxe/3.png]
[monumental-creponne-3f5c46.netlify.app/gharpayy.in/img/newlistings/bell/1.png]
[monumental-creponne-3f5c46.netlify.app/gharpayy.in/img/newlistings/bell/2.png]
[monumental-creponne-3f5c46.netlify.app/gharpayy.in/img/newlistings/bell/3.png]
[monumental-creponne-3f5c46.netlify.app/gharpayy.in/img/newlisting-2/qual/1.png]
[monumental-creponne-3f5c46.netlify.app/gharpayy.in/img/newlisting-2/qual/2.png]
[monumental-creponne-3f5c46.netlify.app/gharpayy.in/img/newlisting-2/qual/3.png]
[monumental-creponne-3f5c46.netlify.app/media.istockphoto.com/id/1743336675/photo/istockphoto-1743336675-612x6126278.d76278.delayed]
[monumental-creponne-3f5c46.netlify.app/gharpayy.in/new_section_for_listing/admin.gharpayy.in/img/amenities-icons/appliance_1198306.png]
[monumental-creponne-3f5c46.netlify.app/gharpayy.in/new_section_for_listing/admin.gharpayy.in/img/amenities-icons/electric-gear_3520842.png]
[monumental-creponne-3f5c46.netlify.app/gharpayy.in/new_section_for_listing/admin.gharpayy.in/img/amenities-icons/meditation_6911426.png]
[monumental-creponne-3f5c46.netlify.app/gharpayy.in/new_section_for_listing/admin.gharpayy.in/img/amenities-icons/mop_7842219.png]
[monumental-creponne-3f5c46.netlify.app/cdn-icons-png.flaticon.com/512/10682/10682263.png]
[monumental-creponne-3f5c46.netlify.app/bellandur.html]
[monumental-creponne-3f5c46.netlify.app/cdn.jsdelivr.net/npm/aos@2.3.4/dist/aos.js]
[monumental-creponne-3f5c46.netlify.app/gharpayy.in/img/newlisting-2/jack/1.png]
[monumental-creponne-3f5c46.netlify.app/gharpayy.in/img/newlisting-2/jack/2.png]
[monumental-creponne-3f5c46.netlify.app/gharpayy.in/img/newlisting-2/jack/3.png]
[monumental-creponne-3f5c46.netlify.app/gharpayy.in/img/newlistings/wink/1.png]
[monumental-creponne-3f5c46.netlify.app/gharpayy.in/img/newlistings/wink/2.png]
[monumental-creponne-3f5c46.netlify.app/gharpayy.in/img/newlistings/wink/3.png]
[monumental-creponne-3f5c46.netlify.app/gharpayy.in/img/newlisting-2/roar/1.png]
[monumental-creponne-3f5c46.netlify.app/gharpayy.in/img/newlisting-2/roar/2.png]
[monumental-creponne-3f5c46.netlify.app/gharpayy.in/img/newlisting-2/roar/3.png]
[monumental-creponne-3f5c46.netlify.app/gharpayy.in/img/newlisting-2/sg/1.png]
[monumental-creponne-3f5c46.netlify.app/gharpayy.in/img/newlisting-2/sg/2.png]
[monumental-creponne-3f5c46.netlify.app/gharpayy.in/img/newlisting-2/sg/3.png]
[monumental-creponne-3f5c46.netlify.app/gharpayy.in/img/newlisting-2/snook/1.png]
[monumental-creponne-3f5c46.netlify.app/gharpayy.in/img/newlisting-2/snook/2.png]
[monumental-creponne-3f5c46.netlify.app/gharpayy.in/img/newlisting-2/snook/3.png]
[monumental-creponne-3f5c46.netlify.app/gharpayy.in/img/newlisting-3/jazz/1.png]
[monumental-creponne-3f5c46.netlify.app/gharpayy.in/img/newlisting-3/jazz/2.png]
[monumental-creponne-3f5c46.netlify.app/gharpayy.in/img/newlisting-3/jazz/3.png]
[monumental-creponne-3f5c46.netlify.app/gharpayy.in/img/newlisting-2/gqgirls/1.png]
[monumental-creponne-3f5c46.netlify.app/gharpayy.in/img/newlisting-2/gqgirls/2.png]
[monumental-creponne-3f5c46.netlify.app/gharpayy.in/img/newlisting-2/gqgirls/3.png]
[monumental-creponne-3f5c46.netlify.app/gharpayy.in/img/girlspg/homelyforum/1.png]
[monumental-creponne-3f5c46.netlify.app/gharpayy.in/img/girlspg/homelyforum/2.png]
[monumental-creponne-3f5c46.netlify.app/gharpayy.in/img/girlspg/homelyforum/3.png]
[monumental-creponne-3f5c46.netlify.app/gharpayy.in/img/newlisting-2/affo/1.png]
[monumental-creponne-3f5c46.netlify.app/gharpayy.in/img/newlisting-2/affo/2.png]
[monumental-creponne-3f5c46.netlify.app/gharpayy.in/img/newlisting-2/affo/3.png]
[monumental-creponne-3f5c46.netlify.app/gharpayy.in/img/newlisting-2/joy/1.png]
[monumental-creponne-3f5c46.netlify.app/gharpayy.in/img/newlisting-2/joy/2.png]
[monumental-creponne-3f5c46.netlify.app/gharpayy.in/img/newlisting-2/joy/3.png]
[monumental-creponne-3f5c46.netlify.app/gharpayy.in/img/newlisting-2/pink/1.png]
[monumental-creponne-3f5c46.netlify.app/gharpayy.in/img/newlisting-2/pink/2.png]
[monumental-creponne-3f5c46.netlify.app/gharpayy.in/img/newlisting-2/pink/3.png]
[monumental-creponne-3f5c46.netlify.app/gharpayy.in/img/girlspg/homygirls/1.png]
[monumental-creponne-3f5c46.netlify.app/gharpayy.in/img/girlspg/homygirls/2.png]
[monumental-creponne-3f5c46.netlify.app/gharpayy.in/img/girlspg/homygirls/3.png]
[monumental-creponne-3f5c46.netlify.app/gharpayy.in/img/newlistings/flatwala/1.png]
[monumental-creponne-3f5c46.netlify.app/gharpayy.in/img/newlistings/flatwala/2.png]
[monumental-creponne-3f5c46.netlify.app/gharpayy.in/img/newlistings/flatwala/3.png]
[monumental-creponne-3f5c46.netlify.app/gharpayy.in/img/newlisting-4/forumpro/1.png]
[monumental-creponne-3f5c46.netlify.app/gharpayy.in/img/newlisting-4/forumpro/2.png]
[monumental-creponne-3f5c46.netlify.app/gharpayy.in/img/newlisting-4/forumpro/3.png]
[monumental-creponne-3f5c46.netlify.app/gharpayy.in/img/newlisting-4/forum-1/1.png]
[monumental-creponne-3f5c46.netlify.app/gharpayy.in/img/newlisting-4/forum-1/2.png]
[monumental-creponne-3f5c46.netlify.app/gharpayy.in/img/newlisting-4/forum-1/3.png]
[monumental-creponne-3f5c46.netlify.app/gharpayy.in/img/newlisting-4/homelyboys/1.png]
[monumental-creponne-3f5c46.netlify.app/gharpayy.in/img/newlisting-4/homelyboys/2.png]
[monumental-creponne-3f5c46.netlify.app/gharpayy.in/img/newlisting-4/homelyboys/3.png]
[monumental-creponne-3f5c46.netlify.app/gharpayy.in/img/newlisting-2/john/1.png]
[monumental-creponne-3f5c46.netlify.app/gharpayy.in/img/newlisting-2/john/2.png]
[monumental-creponne-3f5c46.netlify.app/gharpayy.in/img/newlisting-2/john/3.png]
[monumental-creponne-3f5c46.netlify.app/gharpayy.in/img/newlisting-2/silq/1.png]
[monumental-creponne-3f5c46.netlify.app/gharpayy.in/img/newlisting-2/silq/2.png]
[monumental-creponne-3f5c46.netlify.app/gharpayy.in/img/newlisting-2/silq/3.png]
[monumental-creponne-3f5c46.netlify.app/gharpayy.in/img/newlisting-2/tomboys/1.png]
[monumental-creponne-3f5c46.netlify.app/gharpayy.in/img/newlisting-2/tomboys/2.png]
[monumental-creponne-3f5c46.netlify.app/gharpayy.in/img/newlisting-2/tomboys/3.png]
[monumental-creponne-3f5c46.netlify.app/koramangala.html]
[monumental-creponne-3f5c46.netlify.app/gharpayy.in/img/newlisting-2/phix/1.png]
[monumental-creponne-3f5c46.netlify.app/gharpayy.in/img/newlisting-2/phix/2.png]
[monumental-creponne-3f5c46.netlify.app/gharpayy.in/img/newlisting-2/phix/3.png]
[monumental-creponne-3f5c46.netlify.app/gharpayy.in/img/newlisting-2/esteem/1.png]
[monumental-creponne-3f5c46.netlify.app/gharpayy.in/img/newlisting-2/esteem/2.png]
[monumental-creponne-3f5c46.netlify.app/gharpayy.in/img/newlisting-2/esteem/3.png]
[monumental-creponne-3f5c46.netlify.app/gharpayy.in/img/newlisting-2/bgm/1.png]
[monumental-creponne-3f5c46.netlify.app/gharpayy.in/img/newlisting-2/bgm/2.png]
[monumental-creponne-3f5c46.netlify.app/gharpayy.in/img/newlisting-2/bgm/3.png]
[monumental-creponne-3f5c46.netlify.app/gharpayy.in/img/newlisting-2/zeal/1.png]
[monumental-creponne-3f5c46.netlify.app/gharpayy.in/img/newlisting-2/zeal/2.png]
[monumental-creponne-3f5c46.netlify.app/gharpayy.in/img/newlisting-2/zeal/3.png]
[monumental-creponne-3f5c46.netlify.app/mahadevapura.html]
[monumental-creponne-3f5c46.netlify.app/marathahalli.html]
[monumental-creponne-3f5c46.netlify.app/gharpayy.in/img/newlisting-4/cia/1.png]
[monumental-creponne-3f5c46.netlify.app/gharpayy.in/img/newlisting-4/cia/2.png]
[monumental-creponne-3f5c46.netlify.app/gharpayy.in/img/newlisting-4/cia/3.png]
[monumental-creponne-3f5c46.netlify.app/gharpayy.in/img/newlisting-4/mio/1.png]
[monumental-creponne-3f5c46.netlify.app/gharpayy.in/img/newlisting-4/mio/2.png]
[monumental-creponne-3f5c46.netlify.app/gharpayy.in/img/newlisting-4/mio/3.png]
[monumental-creponne-3f5c46.netlify.app/gharpayy.in/img/newlisting-3/mtek/1.png]
[monumental-creponne-3f5c46.netlify.app/gharpayy.in/img/newlisting-3/mtek/2.png]
[monumental-creponne-3f5c46.netlify.app/gharpayy.in/img/newlisting-3/mtek/3.png]
[monumental-creponne-3f5c46.netlify.app/gharpayy.in/img/newlisting-3/mtplus/1.png]
[monumental-creponne-3f5c46.netlify.app/gharpayy.in/img/newlisting-3/mtplus/2.png]
[monumental-creponne-3f5c46.netlify.app/gharpayy.in/img/newlisting-3/mtplus/3.png]
[monumental-creponne-3f5c46.netlify.app/nagawara.html]
[monumental-creponne-3f5c46.netlify.app/gharpayy.in/img/newlisting-2/queens_mcc/1.png]
[monumental-creponne-3f5c46.netlify.app/gharpayy.in/img/newlisting-2/queens_mcc/2.png]
[monumental-creponne-3f5c46.netlify.app/gharpayy.in/img/newlisting-2/queens_mcc/3.png]
[monumental-creponne-3f5c46.netlify.app/vasanthnagar.html]
[monumental-creponne-3f5c46.netlify.app/gharpayy.in/img/newlisting-2/bliss/1.png]
[monumental-creponne-3f5c46.netlify.app/gharpayy.in/img/newlisting-2/bliss/2.png]
[monumental-creponne-3f5c46.netlify.app/gharpayy.in/img/newlisting-2/bliss/3.png]
[monumental-creponne-3f5c46.netlify.app/gharpayy.in/img/newlisting-3/spot/1.png]
[monumental-creponne-3f5c46.netlify.app/gharpayy.in/img/newlisting-3/spot/2.png]
[monumental-creponne-3f5c46.netlify.app/gharpayy.in/img/newlisting-3/spot/3.png]
[monumental-creponne-3f5c46.netlify.app/gharpayy.in/img/newlisting-3/snowy/1.png]
[monumental-creponne-3f5c46.netlify.app/gharpayy.in/img/newlisting-3/snowy/2.png]
[monumental-creponne-3f5c46.netlify.app/gharpayy.in/img/newlisting-3/snowy/3.png]
[monumental-creponne-3f5c46.netlify.app/gharpayy.in/img/newlisting-2/metrofield/1.png]
[monumental-creponne-3f5c46.netlify.app/gharpayy.in/img/newlisting-2/metrofield/2.png]
[monumental-creponne-3f5c46.netlify.app/gharpayy.in/img/newlisting-2/metrofield/3.png]
[monumental-creponne-3f5c46.netlify.app/gharpayy.in/img/newlisting-2/valley/1.png]
[monumental-creponne-3f5c46.netlify.app/gharpayy.in/img/newlisting-2/valley/2.png]
[monumental-creponne-3f5c46.netlify.app/gharpayy.in/img/newlisting-2/valley/3.png]
[monumental-creponne-3f5c46.netlify.app/gharpayy.in/img/newlisting-4/whit/1.png]
[monumental-creponne-3f5c46.netlify.app/gharpayy.in/img/newlisting-4/whit/2.png]
[monumental-creponne-3f5c46.netlify.app/gharpayy.in/img/newlisting-4/whit/3.png]
[monumental-creponne-3f5c46.netlify.app/gharpayy.in/img/newlisting-4/brookstudio/3.png]
[monumental-creponne-3f5c46.netlify.app/gharpayy.in/img/newlisting-4/comfy/1.png]
[monumental-creponne-3f5c46.netlify.app/gharpayy.in/img/newlisting-4/comfy/2.png]
[monumental-creponne-3f5c46.netlify.app/gharpayy.in/img/newlisting-4/comfy/3.png]
[monumental-creponne-3f5c46.netlify.app/gharpayy.in/img/newlistings/itp/1.png]
[monumental-creponne-3f5c46.netlify.app/gharpayy.in/img/newlistings/itp/2.png]
[monumental-creponne-3f5c46.netlify.app/gharpayy.in/img/newlistings/itp/3.png]
[monumental-creponne-3f5c46.netlify.app/gharpayy.in/img/newlisting-4/thub/1.png]
[monumental-creponne-3f5c46.netlify.app/gharpayy.in/img/newlisting-4/thub/2.png]
[monumental-creponne-3f5c46.netlify.app/gharpayy.in/img/newlisting-4/thub/3.png]
[monumental-creponne-3f5c46.netlify.app/gharpayy.in/img/newlisting-4/aecy/1.png]
[monumental-creponne-3f5c46.netlify.app/gharpayy.in/img/newlisting-4/aecy/2.png]
[monumental-creponne-3f5c46.netlify.app/gharpayy.in/img/newlisting-4/aecy/3.png]
[monumental-creponne-3f5c46.netlify.app/gharpayy.in/img/newlisting-4/cool/1.png]
[monumental-creponne-3f5c46.netlify.app/gharpayy.in/img/newlisting-4/cool/2.png]
[monumental-creponne-3f5c46.netlify.app/gharpayy.in/img/newlisting-4/cool/3.png]
[monumental-creponne-3f5c46.netlify.app/whitefield.html]
[monumental-creponne-3f5c46.netlify.app/gharpayy.in/img/newlisting-4/paradise/1.png]
[monumental-creponne-3f5c46.netlify.app/gharpayy.in/img/newlisting-4/paradise/2.png]
[monumental-creponne-3f5c46.netlify.app/gharpayy.in/img/newlisting-4/paradise/3.png]
[monumental-creponne-3f5c46.netlify.app/gharpayy.in/img/newlisting-4/byg/1.png]
[monumental-creponne-3f5c46.netlify.app/gharpayy.in/img/newlisting-4/byg/2.png]
[monumental-creponne-3f5c46.netlify.app/gharpayy.in/img/newlisting-4/byg/3.png]
[monumental-creponne-3f5c46.netlify.app/gharpayy.in/img/newlisting-4/meteor/1.png]
[monumental-creponne-3f5c46.netlify.app/gharpayy.in/img/newlisting-4/meteor/2.png]
[monumental-creponne-3f5c46.netlify.app/gharpayy.in/img/newlisting-4/meteor/3.png]
[monumental-creponne-3f5c46.netlify.app/yprcampus.html]
[monumental-creponne-3f5c46.netlify.app/img/sliderimages/slider4.html]
[gharpayy.in/htdocs_error/style.css]
[maxcdn.bootstrapcdn.com/bootstrap/3.3.7/css/bootstrap.min.css]
[www.google-analytics.com/analytics.js]
[gharpayy.in/htdocs_error/something-lost.png]
[monumental-creponne-3f5c46.netlify.app/js/carousal.html]
[monumental-creponne-3f5c46.netlify.app/gharpayy.in/css/bootstrap.min.css]
[gharpayy.in/img/top-image.png]
[gharpayy.in/img/section1Image.jpg]
[gharpayy.in/img/bg-image/bg-5.jpg]
[gharpayy.in/img/bg-image/bg-1.jpg]
[gharpayy.in/img/bg-image/bg-2.jpg]
[gharpayy.in/img/bg-image/bg-3.jpg]
[gharpayy.in/img/bg-image/bg-4.jpg]
[gharpayy.in/img/bg-image/pattern/1.png]
[gharpayy.in/img/bg-image/pattern/2.png]
[gharpayy.in/img/bg-image/pattern/3.png]
[gharpayy.in/img/bg-image/pattern/4.png]
[gharpayy.in/img/bg-image/pattern/5.png]
[gharpayy.in/img/bg-image/pattern/6.png]
[gharpayy.in/img/bg-image/pattern/7.png]
[gharpayy.in/img/bg-image/pattern/8.png]
[gharpayy.in/img/bg-image/pattern/9.png]
[gharpayy.in/img/bg-image/pattern/10.png]
[gharpayy.in/img/bg-image/pattern/11.png]
[gharpayy.in/img/bg-image/pattern/12.png]
[gharpayy.in/img/bg-image/pattern/13.png]
[gharpayy.in/img/bg-image/pattern/14.png]
[gharpayy.in/img/bg-image/pattern/15.png]
[gharpayy.in/img/bg/3.jpg]
[gharpayy.in/img/about/aboutUs.jpg]
[gharpayy.in/img/bg/6.jpg]
[gharpayy.in/img/bg/8.png]
[gharpayy.in/img/bg/9.jpg]
[gharpayy.in/img/bg/12.jpg]
[gharpayy.in/img/slider/slider_layer.png]
[gharpayy.in/img/width/25.jpg]
[monumental-creponne-3f5c46.netlify.app/gharpayy.in/css/style.css]
[gharpayy.in/img/boyspg copy/flatwala/3.png]
[gharpayy.in/img/boyspg copy/homely/3.png]
[gharpayy.in/img/boyspg copy/homely/1.png]
[kit.fontawesome.com/a076d05399.html]
[crowdytheme.com/html/arolax/assets/js/jquery-3.6.0.min.js]
[crowdytheme.com/html/arolax/assets/js/bootstrap.bundle.min.js]
[crowdytheme.com/html/arolax/assets/js/jquery.magnific-popup.min.js]
[monumental-creponne-3f5c46.netlify.app/${l}.17f.delayed]
[monumental-creponne-3f5c46.netlify.app/e.180.delayed]
[monumental-creponne-3f5c46.netlify.app/t.params.181.delayed]
[crowdytheme.com/html/arolax/assets/js/swiper-bundle.min.js]
[crowdytheme.com/html/arolax/assets/js/counter.js]
[crowdytheme.com/html/arolax/assets/js/progressbar.js]
[crowdytheme.com/html/arolax/assets/js/gsap.min.js]
[crowdytheme.com/html/arolax/assets/js/ScrollSmoother.min.js]
[crowdytheme.com/html/arolax/assets/js/ScrollToPlugin.min.js]
[crowdytheme.com/html/arolax/assets/js/ScrollTrigger.min.js]
[crowdytheme.com/html/arolax/assets/js/SplitText.min.js]
[crowdytheme.com/html/arolax/assets/js/jquery.meanmenu.min.js]
[crowdytheme.com/html/arolax/assets/js/backToTop.js]
[crowdytheme.com/html/arolax/assets/js/main.js]
[crowdytheme.com/html/arolax/assets/js/error-handling.js]
[crowdytheme.com/html/arolax/assets/js/offcanvas.js]
[crowdytheme.com/html/arolax/assets/css/bootstrap.min.css]
[crowdytheme.com/html/arolax/assets/css/all.min.css]
[crowdytheme.com/html/arolax/assets/css/swiper-bundle.min.css]
[crowdytheme.com/html/arolax/assets/css/progressbar.css]
[crowdytheme.com/html/arolax/assets/css/meanmenu.min.css]
[crowdytheme.com/html/arolax/assets/css/magnific-popup.css]
[crowdytheme.com/html/arolax/assets/css/master-seo-agency.css]
[cdnjs.cloudflare.com/ajax/libs/font-awesome/6.5.0/css/all.min.css]
[monumental-creponne-3f5c46.netlify.app/gharpayy.in/htdocs_error/style.css]
[monumental-creponne-3f5c46.netlify.app/gharpayy.in/maxcdn.bootstrapcdn.com/bootstrap/3.3.7/css/bootstrap.min.html]
[monumental-creponne-3f5c46.netlify.app/gharpayy.in/www.google-analytics.com/analytics.html]
[monumental-creponne-3f5c46.netlify.app/cdn.jsdelivr.net/npm/aos@2.3.4/dist/aos.css]
[monumental-creponne-3f5c46.netlify.app/cdn.jsdelivr.net/npm/swiper@10/swiper-bundle.min.css]
[monumental-creponne-3f5c46.netlify.app/media.istockphoto.com/id/1743336675/photo/istockphoto-1743336675-612x61262786278.html]
[gharpayy.in/htdocs_error/style.css]
[maxcdn.bootstrapcdn.com/bootstrap/3.3.7/css/bootstrap.min.css]
[gharpayy.in/img/newlisting-2/jack/1.png]
[monumental-creponne-3f5c46.netlify.app/index.html]
[monumental-creponne-3f5c46.netlify.app/${l}.html]
[monumental-creponne-3f5c46.netlify.app/e.html]
[monumental-creponne-3f5c46.netlify.app/index.html]
[monumental-creponne-3f5c46.netlify.app/t.params.html]
[monumental-creponne-3f5c46.netlify.app/mumbai.html]
[monumental-creponne-3f5c46.netlify.app/img/mumbai/image_3.jpg]
[monumental-creponne-3f5c46.netlify.app/img/mumbai/image_4.jpg]
[monumental-creponne-3f5c46.netlify.app/img/mumbai/image_6.jpg]
[monumental-creponne-3f5c46.netlify.app/video/video_3.186.delayed]
[monumental-creponne-3f5c46.netlify.app/img/mumbai/image_1.jpg]
[monumental-creponne-3f5c46.netlify.app/img/mumbai/image_2.jpg]
[monumental-creponne-3f5c46.netlify.app/img/mumbai/image_5.jpg]
[monumental-creponne-3f5c46.netlify.app/video/video_1.18a.delayed]
[monumental-creponne-3f5c46.netlify.app/img/mumbai/image_7.jpg]
[monumental-creponne-3f5c46.netlify.app/img/mumbai/image_8.jpg]
[monumental-creponne-3f5c46.netlify.app/img/mumbai/image_9.jpg]
[monumental-creponne-3f5c46.netlify.app/img/mumbai/image_10.jpg]
[monumental-creponne-3f5c46.netlify.app/video/video_4.18f.delayed]
[monumental-creponne-3f5c46.netlify.app/mumbai.html]
[monumental-creponne-3f5c46.netlify.app/video/video_3.html]
[monumental-creponne-3f5c46.netlify.app/video/video_1.html]
[monumental-creponne-3f5c46.netlify.app/video/video_4.html]
